// Jest Snapshot v1, https://goo.gl/fbAQLP

exports[`renders correctly 1`] = `
ShallowWrapper {
  "length": 1,
  Symbol(enzyme.__root__): [Circular],
  Symbol(enzyme.__unrendered__): <AccountAccessPresentation
    canSubmit={true}
    fadeAnim={Object {}}
    formValues={
      Object {
        "fields": Object {
          "email": Object {
            "placeholder": "Email",
            "type": "email",
          },
          "password": Object {
            "placeholder": "Password",
            "type": "password",
          },
        },
        "headerText": "Financial Assistant",
        "subheaderText": "",
        "submitText": "Login",
      }
    }
    isLoginForm={true}
    onFieldChange={[Function]}
    onFormSubmit={[Function]}
  />,
  Symbol(enzyme.__renderer__): Object {
    "batchedUpdates": [Function],
    "getNode": [Function],
    "render": [Function],
    "simulateEvent": [Function],
    "unmount": [Function],
  },
  Symbol(enzyme.__node__): Object {
    "instance": null,
    "key": undefined,
    "nodeType": "class",
    "props": Object {
      "children": <Styled(Component)>
        <Styled(Image)
          resizeMode="center"
          source={
            Object {
              "process": [Function],
            }
          }
        />
        <Styled(Text)>
          Financial Assistant
        </Styled(Text)>
        <AnimatedComponent
          error={undefined}
          style={
            Object {
              "opacity": Object {},
            }
          }
        >
          
        </AnimatedComponent>
        <FForm
          canSubmit={true}
          fields={
            Object {
              "email": Object {
                "placeholder": "Email",
                "type": "email",
              },
              "password": Object {
                "placeholder": "Password",
                "type": "password",
              },
            }
          }
          onFieldChange={[Function]}
          onFormSubmit={[Function]}
          submitButtonStyles={
            Object {
              "width": "60%",
            }
          }
          submitText="Login"
          submitTextStyles={Object {}}
        />
        <FButton
          backgroundColor="#4E7082"
          buttonStyles={
            Object {
              "marginBottom": 10,
              "width": "60%",
            }
          }
          isDisabled={false}
          onPress={[Function]}
          text="Forgot your password?"
          textColor="white"
          textStyles={Object {}}
        />
        <FButton
          backgroundColor="#DCAF68"
          buttonStyles={
            Object {
              "width": "60%",
            }
          }
          isDisabled={false}
          onPress={[Function]}
          text="Need an account?"
          textColor="white"
          textStyles={Object {}}
        />
        <Styled(Component) />
        <Styled(Text)>
          Copyright© 2018 Fiouse
        </Styled(Text)>
      </Styled(Component)>,
      "contentContainerStyle": Object {
        "flexGrow": 1,
      },
    },
    "ref": null,
    "rendered": Object {
      "instance": null,
      "key": undefined,
      "nodeType": "class",
      "props": Object {
        "children": Array [
          <Styled(Image)
            resizeMode="center"
            source={
              Object {
                "process": [Function],
              }
            }
          />,
          <Styled(Text)>
            Financial Assistant
          </Styled(Text)>,
          <AnimatedComponent
            error={undefined}
            style={
              Object {
                "opacity": Object {},
              }
            }
          >
            
          </AnimatedComponent>,
          <FForm
            canSubmit={true}
            fields={
              Object {
                "email": Object {
                  "placeholder": "Email",
                  "type": "email",
                },
                "password": Object {
                  "placeholder": "Password",
                  "type": "password",
                },
              }
            }
            onFieldChange={[Function]}
            onFormSubmit={[Function]}
            submitButtonStyles={
              Object {
                "width": "60%",
              }
            }
            submitText="Login"
            submitTextStyles={Object {}}
          />,
          Array [
            <FButton
              backgroundColor="#4E7082"
              buttonStyles={
                Object {
                  "marginBottom": 10,
                  "width": "60%",
                }
              }
              isDisabled={false}
              onPress={[Function]}
              text="Forgot your password?"
              textColor="white"
              textStyles={Object {}}
            />,
            <FButton
              backgroundColor="#DCAF68"
              buttonStyles={
                Object {
                  "width": "60%",
                }
              }
              isDisabled={false}
              onPress={[Function]}
              text="Need an account?"
              textColor="white"
              textStyles={Object {}}
            />,
          ],
          <Styled(Component) />,
          <Styled(Text)>
            Copyright© 2018 Fiouse
          </Styled(Text)>,
        ],
      },
      "ref": null,
      "rendered": Array [
        Object {
          "instance": null,
          "key": undefined,
          "nodeType": "class",
          "props": Object {
            "resizeMode": "center",
            "source": Object {
              "process": [Function],
            },
          },
          "ref": null,
          "rendered": null,
          "type": [Function],
        },
        Object {
          "instance": null,
          "key": undefined,
          "nodeType": "class",
          "props": Object {
            "children": "Financial Assistant",
          },
          "ref": null,
          "rendered": "Financial Assistant",
          "type": [Function],
        },
        Object {
          "instance": null,
          "key": undefined,
          "nodeType": "class",
          "props": Object {
            "children": "",
            "error": undefined,
            "style": Object {
              "opacity": Object {},
            },
          },
          "ref": null,
          "rendered": "",
          "type": [Function],
        },
        Object {
          "instance": null,
          "key": undefined,
          "nodeType": "class",
          "props": Object {
            "canSubmit": true,
            "fields": Object {
              "email": Object {
                "placeholder": "Email",
                "type": "email",
              },
              "password": Object {
                "placeholder": "Password",
                "type": "password",
              },
            },
            "onFieldChange": [Function],
            "onFormSubmit": [Function],
            "submitButtonStyles": Object {
              "width": "60%",
            },
            "submitText": "Login",
            "submitTextStyles": Object {},
          },
          "ref": null,
          "rendered": null,
          "type": [Function],
        },
        Object {
          "instance": null,
          "key": "resetPassword",
          "nodeType": "class",
          "props": Object {
            "backgroundColor": "#4E7082",
            "buttonStyles": Object {
              "marginBottom": 10,
              "width": "60%",
            },
            "isDisabled": false,
            "onPress": [Function],
            "text": "Forgot your password?",
            "textColor": "white",
            "textStyles": Object {},
          },
          "ref": null,
          "rendered": null,
          "type": [Function],
        },
        Object {
          "instance": null,
          "key": "createAccount",
          "nodeType": "class",
          "props": Object {
            "backgroundColor": "#DCAF68",
            "buttonStyles": Object {
              "width": "60%",
            },
            "isDisabled": false,
            "onPress": [Function],
            "text": "Need an account?",
            "textColor": "white",
            "textStyles": Object {},
          },
          "ref": null,
          "rendered": null,
          "type": [Function],
        },
        Object {
          "instance": null,
          "key": undefined,
          "nodeType": "class",
          "props": Object {},
          "ref": null,
          "rendered": null,
          "type": [Function],
        },
        Object {
          "instance": null,
          "key": undefined,
          "nodeType": "class",
          "props": Object {
            "children": "Copyright© 2018 Fiouse",
          },
          "ref": null,
          "rendered": "Copyright© 2018 Fiouse",
          "type": [Function],
        },
      ],
      "type": [Function],
    },
    "type": [MockFunction],
  },
  Symbol(enzyme.__nodes__): Array [
    Object {
      "instance": null,
      "key": undefined,
      "nodeType": "class",
      "props": Object {
        "children": <Styled(Component)>
          <Styled(Image)
            resizeMode="center"
            source={
              Object {
                "process": [Function],
              }
            }
          />
          <Styled(Text)>
            Financial Assistant
          </Styled(Text)>
          <AnimatedComponent
            error={undefined}
            style={
              Object {
                "opacity": Object {},
              }
            }
          >
            
          </AnimatedComponent>
          <FForm
            canSubmit={true}
            fields={
              Object {
                "email": Object {
                  "placeholder": "Email",
                  "type": "email",
                },
                "password": Object {
                  "placeholder": "Password",
                  "type": "password",
                },
              }
            }
            onFieldChange={[Function]}
            onFormSubmit={[Function]}
            submitButtonStyles={
              Object {
                "width": "60%",
              }
            }
            submitText="Login"
            submitTextStyles={Object {}}
          />
          <FButton
            backgroundColor="#4E7082"
            buttonStyles={
              Object {
                "marginBottom": 10,
                "width": "60%",
              }
            }
            isDisabled={false}
            onPress={[Function]}
            text="Forgot your password?"
            textColor="white"
            textStyles={Object {}}
          />
          <FButton
            backgroundColor="#DCAF68"
            buttonStyles={
              Object {
                "width": "60%",
              }
            }
            isDisabled={false}
            onPress={[Function]}
            text="Need an account?"
            textColor="white"
            textStyles={Object {}}
          />
          <Styled(Component) />
          <Styled(Text)>
            Copyright© 2018 Fiouse
          </Styled(Text)>
        </Styled(Component)>,
        "contentContainerStyle": Object {
          "flexGrow": 1,
        },
      },
      "ref": null,
      "rendered": Object {
        "instance": null,
        "key": undefined,
        "nodeType": "class",
        "props": Object {
          "children": Array [
            <Styled(Image)
              resizeMode="center"
              source={
                Object {
                  "process": [Function],
                }
              }
            />,
            <Styled(Text)>
              Financial Assistant
            </Styled(Text)>,
            <AnimatedComponent
              error={undefined}
              style={
                Object {
                  "opacity": Object {},
                }
              }
            >
              
            </AnimatedComponent>,
            <FForm
              canSubmit={true}
              fields={
                Object {
                  "email": Object {
                    "placeholder": "Email",
                    "type": "email",
                  },
                  "password": Object {
                    "placeholder": "Password",
                    "type": "password",
                  },
                }
              }
              onFieldChange={[Function]}
              onFormSubmit={[Function]}
              submitButtonStyles={
                Object {
                  "width": "60%",
                }
              }
              submitText="Login"
              submitTextStyles={Object {}}
            />,
            Array [
              <FButton
                backgroundColor="#4E7082"
                buttonStyles={
                  Object {
                    "marginBottom": 10,
                    "width": "60%",
                  }
                }
                isDisabled={false}
                onPress={[Function]}
                text="Forgot your password?"
                textColor="white"
                textStyles={Object {}}
              />,
              <FButton
                backgroundColor="#DCAF68"
                buttonStyles={
                  Object {
                    "width": "60%",
                  }
                }
                isDisabled={false}
                onPress={[Function]}
                text="Need an account?"
                textColor="white"
                textStyles={Object {}}
              />,
            ],
            <Styled(Component) />,
            <Styled(Text)>
              Copyright© 2018 Fiouse
            </Styled(Text)>,
          ],
        },
        "ref": null,
        "rendered": Array [
          Object {
            "instance": null,
            "key": undefined,
            "nodeType": "class",
            "props": Object {
              "resizeMode": "center",
              "source": Object {
                "process": [Function],
              },
            },
            "ref": null,
            "rendered": null,
            "type": [Function],
          },
          Object {
            "instance": null,
            "key": undefined,
            "nodeType": "class",
            "props": Object {
              "children": "Financial Assistant",
            },
            "ref": null,
            "rendered": "Financial Assistant",
            "type": [Function],
          },
          Object {
            "instance": null,
            "key": undefined,
            "nodeType": "class",
            "props": Object {
              "children": "",
              "error": undefined,
              "style": Object {
                "opacity": Object {},
              },
            },
            "ref": null,
            "rendered": "",
            "type": [Function],
          },
          Object {
            "instance": null,
            "key": undefined,
            "nodeType": "class",
            "props": Object {
              "canSubmit": true,
              "fields": Object {
                "email": Object {
                  "placeholder": "Email",
                  "type": "email",
                },
                "password": Object {
                  "placeholder": "Password",
                  "type": "password",
                },
              },
              "onFieldChange": [Function],
              "onFormSubmit": [Function],
              "submitButtonStyles": Object {
                "width": "60%",
              },
              "submitText": "Login",
              "submitTextStyles": Object {},
            },
            "ref": null,
            "rendered": null,
            "type": [Function],
          },
          Object {
            "instance": null,
            "key": "resetPassword",
            "nodeType": "class",
            "props": Object {
              "backgroundColor": "#4E7082",
              "buttonStyles": Object {
                "marginBottom": 10,
                "width": "60%",
              },
              "isDisabled": false,
              "onPress": [Function],
              "text": "Forgot your password?",
              "textColor": "white",
              "textStyles": Object {},
            },
            "ref": null,
            "rendered": null,
            "type": [Function],
          },
          Object {
            "instance": null,
            "key": "createAccount",
            "nodeType": "class",
            "props": Object {
              "backgroundColor": "#DCAF68",
              "buttonStyles": Object {
                "width": "60%",
              },
              "isDisabled": false,
              "onPress": [Function],
              "text": "Need an account?",
              "textColor": "white",
              "textStyles": Object {},
            },
            "ref": null,
            "rendered": null,
            "type": [Function],
          },
          Object {
            "instance": null,
            "key": undefined,
            "nodeType": "class",
            "props": Object {},
            "ref": null,
            "rendered": null,
            "type": [Function],
          },
          Object {
            "instance": null,
            "key": undefined,
            "nodeType": "class",
            "props": Object {
              "children": "Copyright© 2018 Fiouse",
            },
            "ref": null,
            "rendered": "Copyright© 2018 Fiouse",
            "type": [Function],
          },
        ],
        "type": [Function],
      },
      "type": [MockFunction],
    },
  ],
  Symbol(enzyme.__options__): Object {
    "adapter": ReactSixteenAdapter {
      "options": Object {
        "enableComponentDidUpdateOnSetState": true,
      },
    },
  },
}
`;
